computer09@computer09:~$ sudo su postgres
[sudo] password for computer09: 
postgres@computer09:/home/computer09$ psql
psql (9.3.24)
Type "help" for help.

postgres=# create database paim;
CREATE DATABASE
postgres=# create table item(ino int primary key,iname varchar(60),rate int);
CREATE TABLE
postgres=# insert into item values(1,'keybord',1000);
INSERT 0 1
postgres=# insert into item values(2,'key',100);
INSERT 0 1
postgres=# insert into item values(3,'key',10000);
INSERT 0 1
postgres=# create or replace function f1() returns trigger as 'begin if old.rate>500 then raise exception ''invalid %'',new;end if;return new; end' language 'plpgsql';
CREATE FUNCTION
postgres=# create trigger t1 after delete on item for each row execute procedure f1();
CREATE TRIGGER
postgres=# select * from item;
 ino |  iname  | rate  
-----+---------+-------
   1 | keybord |  1000
   2 | key     |   100
   3 | key     | 10000
(3 rows)

postgres=# delete from item where ino = 2;
DELETE 1
postgres=# delete from item where ino = 3;
ERROR:  record "new" is not assigned yet
DETAIL:  The tuple structure of a not-yet-assigned record is indeterminate.
CONTEXT:  PL/pgSQL function f1() line 1 at RAISE
postgres=# select * from item;
 ino |  iname  | rate  
-----+---------+-------
   1 | keybord |  1000
   3 | key     | 10000
(2 rows)

postgres=# delete from item where ino = 3;
ERROR:  record "new" is not assigned yet
DETAIL:  The tuple structure of a not-yet-assigned record is indeterminate.
CONTEXT:  PL/pgSQL function f1() line 1 at RAISE
postgres=# create or replace function f2() returns trigger as 'begin if old.rate>500 then raise exception ''invalid %'',old;end if;return new; end' language 'plpgsql';
CREATE FUNCTION
postgres=# create or replace function f3() returns trigger as 'begin if old.rate>500 then raise exception ''invalid %'',old;end if;return old; end' language 'plpgsql';
CREATE FUNCTION
postgres=# create trigger t3 after delete on item for each row execute procedure f3();
CREATE TRIGGER
postgres=# insert into item values(2,'key',100);
INSERT 0 1
postgres=# select * from item; ino |  iname  | rate  
-----+---------+-------
   1 | keybord |  1000
   3 | key     | 10000
   2 | key     |   100
(3 rows)

postgres=# delete from item where ino = 2;DELETE 1
postgres=# delete from item where ino = 3;
ERROR:  record "new" is not assigned yet
DETAIL:  The tuple structure of a not-yet-assigned record is indeterminate.
CONTEXT:  PL/pgSQL function f1() line 1 at RAISE
postgres=# 





postgres=# create or replace function f4() returns trigger as 'begin if old.rate>500 then raise exception ''invalid %'',old;end if;return old; end' language 'plpgsql';
CREATE FUNCTION
postgres=# create trigger t4 before delete on item for each row execute procedure f4();
CREATE TRIGGER
postgres=# insert into item values(2,'key',100);INSERT 0 1
postgres=# delete from item where ino = 2;DELETE 1
postgres=# delete from item where ino = 3;
ERROR:  invalid (3,key,10000)





